[    0.000000] Linux version 4.15.0-117-generic (buildd@lcy01-amd64-008) (gcc version 7.5.0 (Ubuntu 7.5.0-3ubuntu1~18.04)) #118-Ubuntu SMP Fri Sep 4 20:02:41 UTC 2020 (Ubuntu 4.15.0-117.118-generic 4.15.18)
[    0.000000] Command line: BOOT_IMAGE=/boot/vmlinuz-4.15.0-117-generic root=LABEL=cloudimg-rootfs ro console=tty1 console=ttyS0
[    0.000000] KERNEL supported cpus:
[    0.000000]   Intel GenuineIntel
[    0.000000]   AMD AuthenticAMD
[    0.000000]   Centaur CentaurHauls
[    0.000000] x86/fpu: Supporting XSAVE feature 0x001: 'x87 floating point registers'
[    0.000000] x86/fpu: Supporting XSAVE feature 0x002: 'SSE registers'
[    0.000000] x86/fpu: Supporting XSAVE feature 0x004: 'AVX registers'
[    0.000000] x86/fpu: xstate_offset[2]:  576, xstate_sizes[2]:  256
[    0.000000] x86/fpu: Enabled xstate features 0x7, context size is 832 bytes, using 'standard' format.
[    0.000000] e820: BIOS-provided physical RAM map:
[    0.000000] BIOS-e820: [mem 0x0000000000000000-0x000000000009fbff] usable
[    0.000000] BIOS-e820: [mem 0x000000000009fc00-0x000000000009ffff] reserved
[    0.000000] BIOS-e820: [mem 0x00000000000f0000-0x00000000000fffff] reserved
[    0.000000] BIOS-e820: [mem 0x0000000000100000-0x000000003ffeffff] usable
[    0.000000] BIOS-e820: [mem 0x000000003fff0000-0x000000003fffffff] ACPI data
[    0.000000] BIOS-e820: [mem 0x00000000fec00000-0x00000000fec00fff] reserved
[    0.000000] BIOS-e820: [mem 0x00000000fee00000-0x00000000fee00fff] reserved
[    0.000000] BIOS-e820: [mem 0x00000000fffc0000-0x00000000ffffffff] reserved
[    0.000000] NX (Execute Disable) protection: active
[    0.000000] SMBIOS 2.5 present.
[    0.000000] DMI: innotek GmbH VirtualBox/VirtualBox, BIOS VirtualBox 12/01/2006
[    0.000000] Hypervisor detected: KVM
[    0.000000] e820: last_pfn = 0x3fff0 max_arch_pfn = 0x400000000
[    0.000000] MTRR: Disabled
[    0.000000] x86/PAT: MTRRs disabled, skipping PAT initialization too.
[    0.000000] CPU MTRRs all blank - virtualized system.
[    0.000000] x86/PAT: Configuration [0-7]: WB  WT  UC- UC  WB  WT  UC- UC  
[    0.000000] found SMP MP-table at [mem 0x0009fff0-0x0009ffff]
[    0.000000] Scanning 1 areas for low memory corruption
[    0.000000] RAMDISK: [mem 0x35a65000-0x36d29fff]
[    0.000000] ACPI: Early table checksum verification disabled
[    0.000000] ACPI: RSDP 0x00000000000E0000 000024 (v02 VBOX  )
[    0.000000] ACPI: XSDT 0x000000003FFF0030 00003C (v01 VBOX   VBOXXSDT 00000001 ASL  00000061)
[    0.000000] ACPI: FACP 0x000000003FFF00F0 0000F4 (v04 VBOX   VBOXFACP 00000001 ASL  00000061)
[    0.000000] ACPI: DSDT 0x000000003FFF0470 002325 (v02 VBOX   VBOXBIOS 00000002 INTL 20100528)
[    0.000000] ACPI: FACS 0x000000003FFF0200 000040
[    0.000000] ACPI: FACS 0x000000003FFF0200 000040
[    0.000000] ACPI: APIC 0x000000003FFF0240 00005C (v02 VBOX   VBOXAPIC 00000001 ASL  00000061)
[    0.000000] ACPI: SSDT 0x000000003FFF02A0 0001CC (v01 VBOX   VBOXCPUT 00000002 INTL 20100528)
[    0.000000] No NUMA configuration found
[    0.000000] Faking a node at [mem 0x0000000000000000-0x000000003ffeffff]
[    0.000000] NODE_DATA(0) allocated [mem 0x3ffc5000-0x3ffeffff]
[    0.000000] kvm-clock: cpu 0, msr 0:3ff44001, primary cpu clock
[    0.000000] kvm-clock: Using msrs 4b564d01 and 4b564d00
[    0.000000] kvm-clock: using sched offset of 4821869519 cycles
[    0.000000] clocksource: kvm-clock: mask: 0xffffffffffffffff max_cycles: 0x1cd42e4dffb, max_idle_ns: 881590591483 ns
[    0.000000] Zone ranges:
[    0.000000]   DMA      [mem 0x0000000000001000-0x0000000000ffffff]
[    0.000000]   DMA32    [mem 0x0000000001000000-0x000000003ffeffff]
[    0.000000]   Normal   empty
[    0.000000]   Device   empty
[    0.000000] Movable zone start for each node
[    0.000000] Early memory node ranges
[    0.000000]   node   0: [mem 0x0000000000001000-0x000000000009efff]
[    0.000000]   node   0: [mem 0x0000000000100000-0x000000003ffeffff]
[    0.000000] Reserved but unavailable: 98 pages
[    0.000000] Initmem setup node 0 [mem 0x0000000000001000-0x000000003ffeffff]
[    0.000000] ACPI: PM-Timer IO Port: 0x4008
[    0.000000] IOAPIC[0]: apic_id 2, version 32, address 0xfec00000, GSI 0-23
[    0.000000] ACPI: INT_SRC_OVR (bus 0 bus_irq 0 global_irq 2 dfl dfl)
[    0.000000] ACPI: INT_SRC_OVR (bus 0 bus_irq 9 global_irq 9 low level)
[    0.000000] Using ACPI (MADT) for SMP configuration information
[    0.000000] smpboot: Allowing 2 CPUs, 0 hotplug CPUs
[    0.000000] PM: Registered nosave memory: [mem 0x00000000-0x00000fff]
[    0.000000] PM: Registered nosave memory: [mem 0x0009f000-0x0009ffff]
[    0.000000] PM: Registered nosave memory: [mem 0x000a0000-0x000effff]
[    0.000000] PM: Registered nosave memory: [mem 0x000f0000-0x000fffff]
[    0.000000] e820: [mem 0x40000000-0xfebfffff] available for PCI devices
[    0.000000] Booting paravirtualized kernel on KVM
[    0.000000] clocksource: refined-jiffies: mask: 0xffffffff max_cycles: 0xffffffff, max_idle_ns: 7645519600211568 ns
[    0.000000] random: get_random_bytes called from start_kernel+0x99/0x500 with crng_init=0
[    0.000000] setup_percpu: NR_CPUS:8192 nr_cpumask_bits:2 nr_cpu_ids:2 nr_node_ids:1
[    0.000000] percpu: Embedded 45 pages/cpu s147456 r8192 d28672 u1048576
[    0.000000] PV qspinlock hash table entries: 256 (order: 0, 4096 bytes)
[    0.000000] Built 1 zonelists, mobility grouping on.  Total pages: 257913
[    0.000000] Policy zone: DMA32
[    0.000000] Kernel command line: BOOT_IMAGE=/boot/vmlinuz-4.15.0-117-generic root=LABEL=cloudimg-rootfs ro console=tty1 console=ttyS0
[    0.000000] Memory: 983028K/1048120K available (12300K kernel code, 2481K rwdata, 4272K rodata, 2436K init, 2724K bss, 65092K reserved, 0K cma-reserved)
[    0.000000] SLUB: HWalign=64, Order=0-3, MinObjects=0, CPUs=2, Nodes=1
[    0.000000] Kernel/User page tables isolation: enabled
[    0.000000] ftrace: allocating 39392 entries in 154 pages
[    0.004000] Hierarchical RCU implementation.
[    0.004000] 	RCU restricting CPUs from NR_CPUS=8192 to nr_cpu_ids=2.
[    0.004000] 	Tasks RCU enabled.
[    0.004000] RCU: Adjusting geometry for rcu_fanout_leaf=16, nr_cpu_ids=2
[    0.004000] NR_IRQS: 524544, nr_irqs: 440, preallocated irqs: 16
[    0.004000] Console: colour VGA+ 80x25
[    0.004000] console [tty1] enabled
[    0.004000] console [ttyS0] enabled
[    0.004000] ACPI: Core revision 20170831
[    0.004000] ACPI: 2 ACPI AML tables successfully acquired and loaded
[    0.004000] APIC: Switch to symmetric I/O mode setup
[    0.004000] x2apic enabled
[    0.004000] Switched APIC routing to physical x2apic.
[    0.007252] ..TIMER: vector=0x30 apic1=0 pin1=2 apic2=-1 pin2=-1
[    0.008006] tsc: Detected 3497.974 MHz processor
[    0.012013] Calibrating delay loop (skipped) preset value.. 6995.94 BogoMIPS (lpj=13991896)
[    0.014414] pid_max: default: 32768 minimum: 301
[    0.016067] Security Framework initialized
[    0.017308] Yama: becoming mindful.
[    0.018419] AppArmor: AppArmor initialized
[    0.021529] Dentry cache hash table entries: 131072 (order: 8, 1048576 bytes)
[    0.024117] Inode-cache hash table entries: 65536 (order: 7, 524288 bytes)
[    0.028033] Mount-cache hash table entries: 2048 (order: 2, 16384 bytes)
[    0.029997] Mountpoint-cache hash table entries: 2048 (order: 2, 16384 bytes)
[    0.032473] Last level iTLB entries: 4KB 1024, 2MB 1024, 4MB 1024
[    0.034200] Last level dTLB entries: 4KB 1024, 2MB 1024, 4MB 1024, 1GB 4
[    0.036007] Spectre V1 : Mitigation: usercopy/swapgs barriers and __user pointer sanitization
[    0.040008] Spectre V2 : Mitigation: Full generic retpoline
[    0.041602] Spectre V2 : Spectre v2 / SpectreRSB mitigation: Filling RSB on context switch
[    0.044006] Speculative Store Bypass: Vulnerable
[    0.045427] SRBDS: Unknown: Dependent on hypervisor status
[    0.048004] MDS: Mitigation: Clear CPU buffers
[    0.049727] Freeing SMP alternatives memory: 36K
[    0.163631] smpboot: CPU0: Intel(R) Core(TM) i5-4690K CPU @ 3.50GHz (family: 0x6, model: 0x3c, stepping: 0x3)
[    0.164000] Performance Events: unsupported p6 CPU model 60 no PMU driver, software events only.
[    0.164056] Hierarchical SRCU implementation.
[    0.168670] NMI watchdog: Perf event create on CPU 0 failed with -2
[    0.172006] NMI watchdog: Perf NMI watchdog permanently disabled
[    0.174011] smp: Bringing up secondary CPUs ...
[    0.176158] x86: Booting SMP configuration:
[    0.177407] .... node  #0, CPUs:      #1
[    0.004000] kvm-clock: cpu 1, msr 0:3ff44041, secondary cpu clock
[    0.184022] smp: Brought up 1 node, 2 CPUs
[    0.185483] smpboot: Max logical packages: 1
[    0.188012] smpboot: Total of 2 processors activated (13991.89 BogoMIPS)
[    0.190162] devtmpfs: initialized
[    0.192099] x86/mm: Memory block size: 128MB
[    0.193761] evm: security.selinux
[    0.194796] evm: security.SMACK64
[    0.196007] evm: security.SMACK64EXEC
[    0.197148] evm: security.SMACK64TRANSMUTE
[    0.198490] evm: security.SMACK64MMAP
[    0.199638] evm: security.apparmor
[    0.200009] evm: security.ima
[    0.201404] evm: security.capability
[    0.204220] clocksource: jiffies: mask: 0xffffffff max_cycles: 0xffffffff, max_idle_ns: 7645041785100000 ns
[    0.208032] futex hash table entries: 512 (order: 3, 32768 bytes)
[    0.210991] pinctrl core: initialized pinctrl subsystem
[    0.212196] RTC time: 11:47:03, date: 09/10/20
[    0.213823] NET: Registered protocol family 16
[    0.216238] audit: initializing netlink subsys (disabled)
[    0.218971] audit: type=2000 audit(1599738429.132:1): state=initialized audit_enabled=0 res=1
[    0.220037] cpuidle: using governor ladder
[    0.221363] cpuidle: using governor menu
[    0.224133] ACPI: bus type PCI registered
[    0.225372] acpiphp: ACPI Hot Plug PCI Controller Driver version: 0.5
[    0.227374] PCI: Using configuration type 1 for base access
[    0.232638] HugeTLB registered 2.00 MiB page size, pre-allocated 0 pages
[    0.236143] ACPI: Added _OSI(Module Device)
[    0.237643] ACPI: Added _OSI(Processor Device)
[    0.239005] ACPI: Added _OSI(3.0 _SCP Extensions)
[    0.240021] ACPI: Added _OSI(Processor Aggregator Device)
[    0.241584] ACPI: Added _OSI(Linux-Dell-Video)
[    0.244006] ACPI: Added _OSI(Linux-Lenovo-NV-HDMI-Audio)
[    0.245535] ACPI: Added _OSI(Linux-HPI-Hybrid-Graphics)
[    0.248200] ACPI: Executed 1 blocks of module-level executable AML code
[    0.266184] ACPI: Interpreter enabled
[    0.268000] ACPI: (supports S0 S5)
[    0.268008] ACPI: Using IOAPIC for interrupt routing
[    0.272346] PCI: Using host bridge windows from ACPI; if necessary, use "pci=nocrs" and report a bug
[    0.275739] ACPI: Enabled 2 GPEs in block 00 to 07
[    0.297956] ACPI: PCI Root Bridge [PCI0] (domain 0000 [bus 00-ff])
[    0.300022] acpi PNP0A03:00: _OSC: OS supports [ASPM ClockPM Segments MSI]
[    0.304699] acpi PNP0A03:00: _OSC: not requesting OS control; OS requires [ExtendedConfig ASPM ClockPM MSI]
[    0.307530] acpi PNP0A03:00: fail to add MMCONFIG information, can't access extended PCI configuration space under this bridge.
[    0.308903] PCI host bridge to bus 0000:00
[    0.312010] pci_bus 0000:00: root bus resource [io  0x0000-0x0cf7 window]
[    0.316011] pci_bus 0000:00: root bus resource [io  0x0d00-0xffff window]
[    0.318001] pci_bus 0000:00: root bus resource [mem 0x000a0000-0x000bffff window]
[    0.320009] pci_bus 0000:00: root bus resource [mem 0x40000000-0xfdffffff window]
[    0.324009] pci_bus 0000:00: root bus resource [bus 00-ff]
[    0.329059] pci 0000:00:01.1: legacy IDE quirk: reg 0x10: [io  0x01f0-0x01f7]
[    0.332012] pci 0000:00:01.1: legacy IDE quirk: reg 0x14: [io  0x03f6]
[    0.334132] pci 0000:00:01.1: legacy IDE quirk: reg 0x18: [io  0x0170-0x0177]
[    0.336008] pci 0000:00:01.1: legacy IDE quirk: reg 0x1c: [io  0x0376]
[    0.361400] pci 0000:00:07.0: quirk: [io  0x4000-0x403f] claimed by PIIX4 ACPI
[    0.363835] pci 0000:00:07.0: quirk: [io  0x4100-0x410f] claimed by PIIX4 SMB
[    0.377519] ACPI: PCI Interrupt Link [LNKA] (IRQs 5 9 10 *11)
[    0.380197] ACPI: PCI Interrupt Link [LNKB] (IRQs 5 9 *10 11)
[    0.383729] ACPI: PCI Interrupt Link [LNKC] (IRQs 5 *9 10 11)
[    0.384301] ACPI: PCI Interrupt Link [LNKD] (IRQs 5 9 10 *11)
[    0.388455] SCSI subsystem initialized
[    0.389673] pci 0000:00:02.0: vgaarb: setting as boot VGA device
[    0.389783] pci 0000:00:02.0: vgaarb: VGA device added: decodes=io+mem,owns=io+mem,locks=none
[    0.392009] pci 0000:00:02.0: vgaarb: bridge control possible
[    0.393656] vgaarb: loaded
[    0.396058] ACPI: bus type USB registered
[    0.397534] usbcore: registered new interface driver usbfs
[    0.400017] usbcore: registered new interface driver hub
[    0.401703] usbcore: registered new device driver usb
[    0.403404] EDAC MC: Ver: 3.0.0
[    0.404367] PCI: Using ACPI for IRQ routing
[    0.405781] NetLabel: Initializing
[    0.408004] NetLabel:  domain hash size = 128
[    0.409301] NetLabel:  protocols = UNLABELED CIPSOv4 CALIPSO
[    0.410956] NetLabel:  unlabeled traffic allowed by default
[    0.412188] clocksource: Switched to clocksource kvm-clock
[    0.450628] VFS: Disk quotas dquot_6.6.0
[    0.451929] VFS: Dquot-cache hash table entries: 512 (order 0, 4096 bytes)
[    0.454674] AppArmor: AppArmor Filesystem Enabled
[    0.456104] pnp: PnP ACPI init
[    0.459650] pnp: PnP ACPI: found 3 devices
[    0.474013] clocksource: acpi_pm: mask: 0xffffff max_cycles: 0xffffff, max_idle_ns: 2085701024 ns
[    0.476295] NET: Registered protocol family 2
[    0.478404] TCP established hash table entries: 8192 (order: 4, 65536 bytes)
[    0.482908] TCP bind hash table entries: 8192 (order: 5, 131072 bytes)
[    0.487288] TCP: Hash tables configured (established 8192 bind 8192)
[    0.489324] UDP hash table entries: 512 (order: 2, 16384 bytes)
[    0.491014] UDP-Lite hash table entries: 512 (order: 2, 16384 bytes)
[    0.492993] NET: Registered protocol family 1
[    0.494327] pci 0000:00:00.0: Limiting direct PCI/PCI transfers
[    0.496191] pci 0000:00:01.0: Activating ISA DMA hang workarounds
[    0.499715] pci 0000:00:02.0: Video device with shadowed ROM at [mem 0x000c0000-0x000dffff]
[    0.503315] Unpacking initramfs...
[    1.078578] Freeing initrd memory: 19220K
[    1.080745] clocksource: tsc: mask: 0xffffffffffffffff max_cycles: 0x326bd6d071d, max_idle_ns: 440795270968 ns
[    1.083866] platform rtc_cmos: registered platform RTC device (no PNP device found)
[    1.086271] Scanning for low memory corruption every 60 seconds
[    1.088954] Initialise system trusted keyrings
[    1.090327] Key type blacklist registered
[    1.091718] workingset: timestamp_bits=36 max_order=18 bucket_order=0
[    1.096096] zbud: loaded
[    1.098628] squashfs: version 4.0 (2009/01/31) Phillip Lougher
[    1.100636] fuse init (API version 7.26)
[    1.104746] Key type asymmetric registered
[    1.105981] Asymmetric key parser 'x509' registered
[    1.107444] Block layer SCSI generic (bsg) driver version 0.4 loaded (major 246)
[    1.109730] io scheduler noop registered
[    1.110915] io scheduler deadline registered
[    1.112252] io scheduler cfq registered (default)
[    1.115838] ACPI: AC Adapter [AC] (on-line)
[    1.117438] input: Power Button as /devices/LNXSYSTM:00/LNXPWRBN:00/input/input0
[    1.119796] ACPI: Power Button [PWRF]
[    1.121121] input: Sleep Button as /devices/LNXSYSTM:00/LNXSLPBN:00/input/input1
[    1.123327] ACPI: Sleep Button [SLPF]
[    1.124960] Serial: 8250/16550 driver, 32 ports, IRQ sharing enabled
[    1.148400] 00:02: ttyS0 at I/O 0x3f8 (irq = 4, base_baud = 115200) is a 16550A
[    1.155307] Linux agpgart interface v0.103
[    1.159233] loop: module loaded
[    1.161360] scsi host0: ata_piix
[    1.162567] scsi host1: ata_piix
[    1.164312] ata1: PATA max UDMA/33 cmd 0x1f0 ctl 0x3f6 bmdma 0xd000 irq 14
[    1.166274] ata2: PATA max UDMA/33 cmd 0x170 ctl 0x376 bmdma 0xd008 irq 15
[    1.168350] libphy: Fixed MDIO Bus: probed
[    1.169629] tun: Universal TUN/TAP device driver, 1.6
[    1.171191] PPP generic driver version 2.4.2
[    1.172646] ehci_hcd: USB 2.0 'Enhanced' Host Controller (EHCI) Driver
[    1.174504] ehci-pci: EHCI PCI platform driver
[    1.175853] ehci-platform: EHCI generic platform driver
[    1.177453] ohci_hcd: USB 1.1 'Open' Host Controller (OHCI) Driver
[    1.179195] ohci-pci: OHCI PCI platform driver
[    1.183921] ohci-platform: OHCI generic platform driver
[    1.185546] uhci_hcd: USB Universal Host Controller Interface driver
[    1.187512] i8042: PNP: PS/2 Controller [PNP0303:PS2K,PNP0f03:PS2M] at 0x60,0x64 irq 1,12
[    1.190667] serio: i8042 KBD port at 0x60,0x64 irq 1
[    1.192161] serio: i8042 AUX port at 0x60,0x64 irq 12
[    1.193820] mousedev: PS/2 mouse device common for all mice
[    1.196346] input: AT Translated Set 2 keyboard as /devices/platform/i8042/serio0/input/input2
[    1.199921] rtc_cmos rtc_cmos: rtc core: registered rtc_cmos as rtc0
[    1.201866] rtc_cmos rtc_cmos: alarms up to one day, 114 bytes nvram
[    1.203901] i2c /dev entries driver
[    1.205124] device-mapper: uevent: version 1.0.3
[    1.206624] device-mapper: ioctl: 4.37.0-ioctl (2017-09-20) initialised: dm-devel@redhat.com
[    1.209165] ledtrig-cpu: registered to indicate activity on CPUs
[    1.211456] NET: Registered protocol family 10
[    1.219810] Segment Routing with IPv6
[    1.221045] NET: Registered protocol family 17
[    1.222435] Key type dns_resolver registered
[    1.224131] mce: Using 0 MCE banks
[    1.225232] RAS: Correctable Errors collector initialized.
[    1.226838] sched_clock: Marking stable (1224053249, 0)->(1587019532, -362966283)
[    1.230390] registered taskstats version 1
[    1.231958] Loading compiled-in X.509 certificates
[    1.236250] Loaded X.509 cert 'Build time autogenerated kernel key: 993aedfcb7091aab7364eeb95e85a8dab512d887'
[    1.239187] zswap: loaded using pool lzo/zbud
[    1.245342] Key type big_key registered
[    1.248685] Key type trusted registered
[    1.252715] Key type encrypted registered
[    1.253950] AppArmor: AppArmor sha1 policy hashing enabled
[    1.255510] ima: No TPM chip found, activating TPM-bypass! (rc=-19)
[    1.257283] ima: Allocated hash algorithm: sha1
[    1.258688] evm: HMAC attrs: 0x1
[    1.260100]   Magic number: 4:172:782
[    1.261442] rtc_cmos rtc_cmos: setting system clock to 2020-09-10 11:47:04 UTC (1599738424)
[    1.264836] BIOS EDD facility v0.16 2004-Jun-25, 0 devices found
[    1.266629] EDD information not available.
[    1.370229] Freeing unused kernel image memory: 2436K
[    1.372074] Write protecting the kernel read-only data: 20480k
[    1.374926] Freeing unused kernel image memory: 2008K
[    1.376945] Freeing unused kernel image memory: 1872K
[    1.408873] x86/mm: Checked W+X mappings: passed, no W+X pages found.
[    1.412160] x86/mm: Checking user space page tables
[    1.449483] x86/mm: Checked W+X mappings: passed, no W+X pages found.
Loading, please wait...
starting version 237
[    1.617181] Fusion MPT base driver 3.04.20
[    1.618969] Copyright (c) 1999-2008 LSI Corporation
[    1.627389] e1000: Intel(R) PRO/1000 Network Driver - version 7.3.21-k8-NAPI
[    1.630041] e1000: Copyright (c) 1999-2006 Intel Corporation.
[    1.643967] AVX2 version of gcm_enc/dec engaged.
[    1.645957] AES CTR mode by8 optimization enabled
[    1.674236] Fusion MPT SPI Host driver 3.04.20
[    1.824286] input: ImExPS/2 Generic Explorer Mouse as /devices/platform/i8042/serio1/input/input4
[    2.181649] e1000 0000:00:03.0 eth0: (PCI:33MHz:32-bit) 02:aa:c1:7f:62:79
[    2.183806] e1000 0000:00:03.0 eth0: Intel(R) PRO/1000 Network Connection
[    2.188973] e1000 0000:00:03.0 enp0s3: renamed from eth0
[    2.190821] mptbase: ioc0: Initiating bringup
[    2.288469] ioc0: LSI53C1030 A0: Capabilities={Initiator}
[    2.530848] scsi host2: ioc0: LSI53C1030 A0, FwRev=00000000h, Ports=1, MaxQ=256, IRQ=20
[    2.700536] scsi 2:0:0:0: Direct-Access     VBOX     HARDDISK         1.0  PQ: 0 ANSI: 5
[    2.732070] scsi target2:0:0: Beginning Domain Validation
[    2.734994] scsi target2:0:0: Domain Validation skipping write tests
[    2.736937] scsi target2:0:0: Ending Domain Validation
[    2.738666] scsi target2:0:0: asynchronous
[    2.740453] scsi 2:0:1:0: Direct-Access     VBOX     HARDDISK         1.0  PQ: 0 ANSI: 5
[    2.772028] scsi target2:0:1: Beginning Domain Validation
[    2.774350] random: fast init done
[    2.775958] scsi target2:0:1: Domain Validation skipping write tests
[    2.777792] scsi target2:0:1: Ending Domain Validation
[    2.779556] scsi target2:0:1: asynchronous
[    2.788591] random: systemd-udevd: uninitialized urandom read (16 bytes read)
[    2.790662] sd 2:0:0:0: Attached scsi generic sg0 type 0
[    2.790908] sd 2:0:0:0: [sda] 20971520 512-byte logical blocks: (10.7 GB/10.0 GiB)
[    2.794577] random: systemd-udevd: uninitialized urandom read (16 bytes read)
[    2.796934] sd 2:0:0:0: [sda] Write Protect is off
[    2.797103] sd 2:0:1:0: Attached scsi generic sg1 type 0
[    2.801243] random: systemd-udevd: uninitialized urandom read (16 bytes read)
[    2.803508] sd 2:0:1:0: [sdb] 20480 512-byte logical blocks: (10.5 MB/10.0 MiB)
[    2.804356] sd 2:0:0:0: [sda] Incomplete mode parameter data
[    2.807409] sd 2:0:0:0: [sda] Assuming drive cache: write through
[    2.807428] sd 2:0:1:0: [sdb] Write Protect is off
[    2.811151] sd 2:0:1:0: [sdb] Incomplete mode parameter data
[    2.812473]  sda: sda1
[    2.812916] sd 2:0:1:0: [sdb] Assuming drive cache: write through
[    2.820534] sd 2:0:0:0: [sda] Attached SCSI disk
[    2.823854] sd 2:0:1:0: [sdb] Attached SCSI disk
Begin: Loading essential drivers ... [    5.052283] raid6: sse2x1   gen()  2528 MB/s
[    5.100198] raid6: sse2x1   xor()  1558 MB/s
[    5.148121] raid6: sse2x2   gen()  5814 MB/s
[    5.197636] raid6: sse2x2   xor()  2756 MB/s
[    5.244477] raid6: sse2x4   gen()  6411 MB/s
[    5.298170] raid6: sse2x4   xor()  3813 MB/s
[    5.344208] raid6: avx2x1   gen()  5602 MB/s
[    5.392070] raid6: avx2x1   xor()  2813 MB/s
[    5.440086] raid6: avx2x2   gen()  9427 MB/s
[    5.488207] raid6: avx2x2   xor()  5438 MB/s
[    5.536161] raid6: avx2x4   gen() 13990 MB/s
[    5.584116] raid6: avx2x4   xor()  8060 MB/s
[    5.585465] raid6: using algorithm avx2x4 gen() 13990 MB/s
[    5.587546] raid6: .... xor() 8060 MB/s, rmw enabled
[    5.589107] raid6: using avx2x2 recovery algorithm
[    5.591962] xor: automatically using best checksumming function   avx       
[    5.595418] async_tx: api initialized (async)
done.
Begin: Running /scripts/init-premount ... done.
Begin: Mounting root file system ... Begin: Running /scripts/local-top ... done.
Begin: Running /scripts/local-premount ... [    5.686606] Btrfs loaded, crc32c=crc32c-intel
Scanning for Btrfs filesystems
done.
Warning: fsck not present, so skipping root file system
[    5.724613] EXT4-fs (sda1): mounted filesystem with ordered data mode. Opts: (null)
done.
Begin: Running /scripts/local-bottom ... done.
Begin: Running /scripts/init-bottom ... done.
[    5.944500] ip_tables: (C) 2000-2006 Netfilter Core Team
[    5.956656] systemd[1]: systemd 237 running in system mode. (+PAM +AUDIT +SELINUX +IMA +APPARMOR +SMACK +SYSVINIT +UTMP +LIBCRYPTSETUP +GCRYPT +GNUTLS +ACL +XZ +LZ4 +SECCOMP +BLKID +ELFUTILS +KMOD -IDN2 +IDN -PCRE2 default-hierarchy=hybrid)
[    5.963620] systemd[1]: Detected virtualization oracle.
[    5.965841] systemd[1]: Detected architecture x86-64.

Welcome to [1mUbuntu 18.04.5 LTS[0m!

[    5.974638] systemd[1]: Set hostname to <ubuntu>.
[    5.979935] systemd[1]: Initializing machine ID from random generator.
[    5.982266] systemd[1]: Installed transient /etc/machine-id file.
[    6.308082] systemd[1]: Started Forward Password Requests to Wall Directory Watch.
[[0;32m  OK  [0m] Started Forward Password Requests to Wall Directory Watch.
[    6.311812] systemd[1]: Reached target Swap.
[[0;32m  OK  [0m] Reached target Swap.
[    6.315009] systemd[1]: Reached target System Time Synchronized.
[[0;32m  OK  [0m] Reached target System Time Synchronized.
[    6.323478] systemd[1]: Created slice System Slice.
[[0;32m  OK  [0m] Created slice System Slice.
[[0;32m  OK  [0m] Created slice system-serial\x2dgetty.slice.
[[0;32m  OK  [0m] Listening on LVM2 poll daemon socket.
[[0;32m  OK  [0m] Listening on /dev/initctl Compatibility Named Pipe.
[[0;32m  OK  [0m] Listening on udev Kernel Socket.
[[0;32m  OK  [0m] Listening on Network Service Netlink Socket.
[[0;32m  OK  [0m] Listening on Journal Audit Socket.
[[0;32m  OK  [0m] Created slice User and Session Slice.
[[0;32m  OK  [0m] Reached target Slices.
[[0;32m  OK  [0m] Listening on LVM2 metadata daemon socket.
[[0;32m  OK  [0m] Reached target User and Group Name Lookups.
[[0;32m  OK  [0m] Listening on udev Control Socket.
[[0;32m  OK  [0m] Listening on Device-mapper event daemon FIFOs.
[[0;32m  OK  [0m] Set up automount Arbitrary Executabâ€¦rmats File System Automount Point.
[[0;32m  OK  [0m] Listening on Journal Socket (/dev/log).
[[0;32m  OK  [0m] Listening on Syslog Socket.
[[0;32m  OK  [0m] Listening on Journal Socket.
         Starting Journal Service...
         Starting Monitoring of LVM2 mirrorsâ€¦ng dmeventd or progress polling...
         Mounting Kernel Debug File System...
         Starting udev Coldplug all Devices...
         Starting Create list of required stâ€¦ce nodes for the current kernel...
         Starting Load Kernel Modules...
         Mounting POSIX Message Queue File System...
         Starting Remount Root and Kernel File Systems...
         Starting Set the console keyboard layout...
         Starting Uncomplicated firewall...
         Mounting Huge Pages File System...
[[0;32m  OK  [0m] Mounted Kernel Debug File System.
[[0;32m  OK  [0m] Mounted POSIX Message Queue File System.
[[0;32m  OK  [0m] Mounted Huge Pages File System.
[[0;32m  OK  [0m] Started LVM2 metadata daemon.
[[0;32m  OK  [0m] Started Create list of required staâ€¦vice nodes for the current kernel.
         Starting Create Static Device Nodes in /dev...
[    6.471300] Loading iSCSI transport class v2.0-870.
[[0;32m  OK  [0m] Started Journal Service.
[[0;32m  OK  [0m] Started Uncomplicated firewall.
[[0;32m  OK  [0m] Started Create Static Device Nodes in /dev.
[    6.539656] iscsi: registered transport (tcp)
[    6.552507] EXT4-fs (sda1): re-mounted. Opts: (null)
[[0;32m  OK  [0m] Started udev Coldplug all Devices.
[[0;32m  OK  [0m] Started Remount Root and Kernel File Systems.
         Starting Load/Save Random Seed...
[    6.586901] iscsi: registered transport (iser)
         Starting udev Kernel Device Manager...
         Starting Flush Journal to Persistent Storage...
[[0;32m  OK  [0m] Started Monitoring of LVM2 mirrors,â€¦sing dmeventd or progress polling.
[[0;32m  OK  [0m] Started Load Kernel Modules.
[[0;32m  OK  [0m] Started Load/Save Random Seed.
         Starting Apply Kernel Variables...
         Mounting FUSE Control File System...
         Mounting Kernel Configuration File System...
[[0;32m  OK  [0m] Mounted FUSE Control File System.
[[0;32m  OK  [0m] Mounted Kernel Configuration File System.
[    6.632841] systemd-journald[392]: Received request to flush runtime journal from PID 1
[[0;32m  OK  [0m] Started Apply Kernel Variables.
[[0;32m  OK  [0m] Started udev Kernel Device Manager.
[[0;32m  OK  [0m] Started Flush Journal to Persistent Storage.
[[0;32m  OK  [0m] Started Set the console keyboard layout.
[[0;32m  OK  [0m] Started Dispatch Password Requests to Console Directory Watch.
[[0;32m  OK  [0m] Reached target Local Encrypted Volumes.
[[0;32m  OK  [0m] Reached target Local File Systems (Pre).
[[0;32m  OK  [0m] Reached target Local File Systems.
         Starting Commit a transient machine-id on disk...
         Starting Set console font and keymap...
         Starting Tell Plymouth To Write Out Runtime Data...
         Starting ebtables ruleset management...
         Starting AppArmor initialization...
         Starting Create Volatile Files and Directories...
[[0;32m  OK  [0m] Started Tell Plymouth To Write Out Runtime Data.
[[0;32m  OK  [0m] Started Set console font and keymap.
[[0;32m  OK  [0m] Started Create Volatile Files and Directories.
         Starting Update UTMP about System Boot/Shutdown...
[[0;32m  OK  [0m] Started Update UTMP about System Boot/Shutdown.
[[0;32m  OK  [0m] Started Commit a transient machine-id on disk.
[[0;32m  OK  [0m] Started ebtables ruleset management.
[[0;32m  OK  [0m] Found device /dev/ttyS0.
[[0;32m  OK  [0m] Listening on Load/Save RF Kill Switch Status /dev/rfkill Watch.
[[0;32m  OK  [0m] Started AppArmor initialization.
         Starting Initial cloud-init job (pre-networking)...
         Starting Load AppArmor profiles managed internally by snapd...
[[0;32m  OK  [0m] Started Load AppArmor profiles managed internally by snapd.
[   11.502421] cloud-init[554]: Cloud-init v. 20.2-45-g5f7825e2-0ubuntu1~18.04.1 running 'init-local' at Thu, 10 Sep 2020 11:47:14 +0000. Up 10.87 seconds.
[[0;32m  OK  [0m] Started Initial cloud-init job (pre-networking).
[[0;32m  OK  [0m] Reached target Network (Pre).
         Starting Network Service...
[[0;32m  OK  [0m] Started Network Service.
         Starting Network Name Resolution...
         Starting Wait for Network to be Configured...
[[0;32m  OK  [0m] Started Network Name Resolution.
[[0;32m  OK  [0m] Reached target Network.
[[0;32m  OK  [0m] Reached target Host and Network Name Lookups.
[[0;32m  OK  [0m] Started Wait for Network to be Configured.
         Starting Initial cloud-init job (metadata service crawler)...
[   14.470372] cloud-init[688]: Cloud-init v. 20.2-45-g5f7825e2-0ubuntu1~18.04.1 running 'init' at Thu, 10 Sep 2020 11:47:17 +0000. Up 14.14 seconds.
[   14.473217] cloud-init[688]: ci-info: ++++++++++++++++++++++++++++++++++++++Net device info++++++++++++++++++++++++++++++++++++++
[   14.475714] cloud-init[688]: ci-info: +--------+------+----------------------------+---------------+--------+-------------------+
[   14.478051] cloud-init[688]: ci-info: | Device |  Up  |          Address           |      Mask     | Scope  |     Hw-Address    |
[   14.481191] cloud-init[688]: ci-info: +--------+------+----------------------------+---------------+--------+-------------------+
[   14.483425] cloud-init[688]: ci-info: | enp0s3 | True |         10.0.2.15          | 255.255.255.0 | global | 02:aa:c1:7f:62:79 |
[   14.485850] cloud-init[688]: ci-info: | enp0s3 | True | fe80::aa:c1ff:fe7f:6279/64 |       .       |  link  | 02:aa:c1:7f:62:79 |
[   14.488427] cloud-init[688]: ci-info: |   lo   | True |         127.0.0.1          |   255.0.0.0   |  host  |         .         |
[   14.490721] cloud-init[688]: ci-info: |   lo   | True |          ::1/128           |       .       |  host  |         .         |
[   14.494499] cloud-init[688]: ci-info: +--------+------+----------------------------+---------------+--------+-------------------+
[   14.508635] cloud-init[688]: ci-info: ++++++++++++++++++++++++++++Route IPv4 info+++++++++++++++++++++++++++++
[   14.512822] cloud-init[688]: ci-info: +-------+-------------+----------+-----------------+-----------+-------+
[   14.524607] cloud-init[688]: ci-info: | Route | Destination | Gateway  |     Genmask     | Interface | Flags |
[   14.536261] cloud-init[688]: ci-info: +-------+-------------+----------+-----------------+-----------+-------+
[   14.538875] cloud-init[688]: ci-info: |   0   |   0.0.0.0   | 10.0.2.2 |     0.0.0.0     |   enp0s3  |   UG  |
[   14.541023] cloud-init[688]: ci-info: |   1   |   10.0.2.0  | 0.0.0.0  |  255.255.255.0  |   enp0s3  |   U   |
[   14.543244] cloud-init[688]: ci-info: |   2   |   10.0.2.2  | 0.0.0.0  | 255.255.255.255 |   enp0s3  |   UH  |
[   14.544960] cloud-init[688]: ci-info: +-------+-------------+----------+-----------------+-----------+-------+
[   14.547743] cloud-init[688]: ci-info: +++++++++++++++++++Route IPv6 info+++++++++++++++++++
[   14.549551] cloud-init[688]: ci-info: +-------+-------------+---------+-----------+-------+
[   14.551080] cloud-init[688]: ci-info: | Route | Destination | Gateway | Interface | Flags |
[   14.552453] cloud-init[688]: ci-info: +-------+-------------+---------+-----------+-------+
[   14.553954] cloud-init[688]: ci-info: |   1   |  fe80::/64  |    ::   |   enp0s3  |   U   |
[   14.555423] cloud-init[688]: ci-info: |   3   |    local    |    ::   |   enp0s3  |   U   |
[   14.556878] cloud-init[688]: ci-info: |   4   |   ff00::/8  |    ::   |   enp0s3  |   U   |
[   14.558453] cloud-init[688]: ci-info: +-------+-------------+---------+-----------+-------+
[   15.248306] cloud-init[688]: Generating public/private rsa key pair.
[   15.249635] cloud-init[688]: Your identification has been saved in /etc/ssh/ssh_host_rsa_key.
[   15.251305] cloud-init[688]: Your public key has been saved in /etc/ssh/ssh_host_rsa_key.pub.
[   15.252881] cloud-init[688]: The key fingerprint is:
[   15.253935] cloud-init[688]: SHA256:167cju2fybD1IPsTFlUnHD8NlDg+I2KbMRID6LWetHA root@ubuntu-bionic
[   15.255497] cloud-init[688]: The key's randomart image is:
[   15.256479] cloud-init[688]: +---[RSA 2048]----+
[   15.257301] cloud-init[688]: |   ...       +=o+|
[   15.258120] cloud-init[688]: |  . . o     o o++|
[   15.258937] cloud-init[688]: | . . . o   . . oo|
[   15.259759] cloud-init[688]: |  o E . = ..+ . .|
[   15.260556] cloud-init[688]: |   = o oS*...o . |
[   15.261369] cloud-init[688]: |    +   o. .  o  |
[   15.264607] cloud-init[688]: |            +.o. |
[   15.265528] cloud-init[688]: |         . = B.= |
[   15.266409] cloud-init[688]: |          +oBo*..|
[   15.267252] cloud-init[688]: +----[SHA256]-----+
[   15.268169] cloud-init[688]: Generating public/private dsa key pair.
[   15.269230] cloud-init[688]: Your identification has been saved in /etc/ssh/ssh_host_dsa_key.
[   15.270738] cloud-init[688]: Your public key has been saved in /etc/ssh/ssh_host_dsa_key.pub.
[   15.272224] cloud-init[688]: The key fingerprint is:
[   15.273137] cloud-init[688]: SHA256:N8tR39xodRBsMcGOL8mk9O0VuCP6ZzdUMtC0MlxOmMI root@ubuntu-bionic
[   15.274638] cloud-init[688]: The key's randomart image is:
[   15.275600] cloud-init[688]: +---[DSA 1024]----+
[   15.276475] cloud-init[688]: |         .   BX+ |
[   15.277296] cloud-init[688]: |          E.++=+ |
[   15.278130] cloud-init[688]: |           .==+ o|
[   15.279132] cloud-init[688]: |          ..o=+*+|
[   15.280909] cloud-init[688]: |        S.+= +=o*|
[   15.281956] cloud-init[688]: |         o.==+o..|
[   15.282790] cloud-init[688]: |          + .oo. |
[   15.283692] cloud-init[688]: |         .   o.o |
[   15.284588] cloud-init[688]: |          ..o . .|
[   15.285420] cloud-init[688]: +----[SHA256]-----+
[   15.286222] cloud-init[688]: Generating public/private ecdsa key pair.
[   15.287381] cloud-init[688]: Your identification has been saved in /etc/ssh/ssh_host_ecdsa_key.
[   15.288873] cloud-init[688]: Your public key has been saved in /etc/ssh/ssh_host_ecdsa_key.pub.
[   15.290283] cloud-init[688]: The key fingerprint is:
[   15.291190] cloud-init[688]: SHA256:jwKyUsM8Yo82aULGJejK9ijo1W9z9VVbNbto1gp7Yy0 root@ubuntu-bionic
[   15.292734] cloud-init[688]: The key's randomart image is:
[   15.293684] cloud-init[688]: +---[ECDSA 256]---+
[   15.294500] cloud-init[688]: |                 |
[   15.295324] cloud-init[688]: |.              ..|
[   15.298278] cloud-init[688]: |.. .            +|
[   15.299206] cloud-init[688]: |ooo            .o|
[   15.300101] cloud-init[688]: |.*B .   S     o =|
[   15.301013] cloud-init[688]: |*o+=..   o o + = |
[   15.301893] cloud-init[688]: |=O.o .. . o * +  |
[   15.302720] cloud-init[688]: |B.=   .+ . . E . |
[   15.303577] cloud-init[688]: |oo .  ..o   o o  |
[   15.304427] cloud-init[688]: +----[SHA256]-----+
[   15.305292] cloud-init[688]: Generating public/private ed25519 key pair.
[   15.306600] cloud-init[688]: Your identification has been saved in /etc/ssh/ssh_host_ed25519_key.
[   15.308096] cloud-init[688]: Your public key has been saved in /etc/ssh/ssh_host_ed25519_key.pub.
[   15.309652] cloud-init[688]: The key fingerprint is:
[   15.310568] cloud-init[688]: SHA256:LX4IGJtRgtwgq1Nk3+wWo7U8dFqH/yzvcjZeY23sx8M root@ubuntu-bionic
[   15.312014] cloud-init[688]: The key's randomart image is:
[   15.314453] cloud-init[688]: +--[ED25519 256]--+
[   15.315338] cloud-init[688]: |..++. .          |
[   15.316274] cloud-init[688]: | =o..=   .       |
[   15.317187] cloud-init[688]: |. . + B + .      |
[   15.318151] cloud-init[688]: |..   % B +       |
[   15.318979] cloud-init[688]: |o   = O S o      |
[   15.319925] cloud-init[688]: | .   . + o o   o |
[   15.320786] cloud-init[688]: |        o o o =.+|
[   15.321598] cloud-init[688]: |         ..o+o Eo|
[   15.322492] cloud-init[688]: |           *+.  +|
[   15.323310] cloud-init[688]: +----[SHA256]-----+
[[0;32m  OK  [0m] Started Initial cloud-init job (metadata service crawler).
[[0;32m  OK  [0m] Reached target Cloud-config availability.
[[0;32m  OK  [0m] Reached target System Initialization.
[[0;32m  OK  [0m] Listening on Open-iSCSI iscsid Socket.
[[0;32m  OK  [0m] Started ACPI Events Check.
[[0;32m  OK  [0m] Started Daily apt download activities.
         Starting Socket activation for snappy daemon.
         Starting LXD - unix socket.
[[0;32m  OK  [0m] Started Daily apt upgrade and clean activities.
[[0;32m  OK  [0m] Reached target Paths.
[[0;32m  OK  [0m] Listening on ACPID Listen Socket.
[[0;32m  OK  [0m] Started Daily Cleanup of Temporary Directories.
[[0;32m  OK  [0m] Listening on D-Bus System Message Bus Socket.
[[0;32m  OK  [0m] Started Discard unused blocks once a week.
[[0;32m  OK  [0m] Started Message of the Day.
[[0;32m  OK  [0m] Reached target Timers.
[[0;32m  OK  [0m] Listening on UUID daemon activation socket.
[[0;32m  OK  [0m] Reached target Network is Online.
[[0;32m  OK  [0m] Reached target Remote File Systems (Pre).
[[0;32m  OK  [0m] Reached target Remote File Systems.
         Starting Availability of block devices...
[[0;32m  OK  [0m] Listening on Socket activation for snappy daemon.
[[0;32m  OK  [0m] Listening on LXD - unix socket.
[[0;32m  OK  [0m] Reached target Sockets.
[[0;32m  OK  [0m] Reached target Basic System.
         Starting LSB: automatic crash report generation...
[[0;32m  OK  [0m] Started D-Bus System Message Bus.
[[0;32m  OK  [0m] Started Regular background program processing daemon.
[[0;32m  OK  [0m] Started FUSE filesystem for LXC.
         Starting LXD - container startup/shutdown...
         Starting System Logging Service...
         Starting Login Service...
[[0;32m  OK  [0m] Started Deferred execution scheduler.
[[0;32m  OK  [0m] Started irqbalance daemon.
         Starting LSB: Record successful boot for GRUB...
         Starting Dispatcher daemon for systemd-networkd...
         Starting Permit User Sessions...
         Starting Pollinate to seed the pseudo random number generator...
         Starting Virtualbox guest utils...
         Starting Accounts Service...
         Starting Snap Daemon...
[[0;32m  OK  [0m] Started System Logging Service.
[[0;32m  OK  [0m] Started Availability of block devices.
[[0;32m  OK  [0m] Started Permit User Sessions.
[[0;32m  OK  [0m] Started Login Service.
[[0;32m  OK  [0m] Started Unattended Upgrades Shutdown.
         Starting Terminate Plymouth Boot Screen...
         Starting Hold until boot process finishes up...
[[0;32m  OK  [0m] Started Hold until boot process finishes up.
[[0;32m  OK  [0m] Started Serial Getty on ttyS0.
         Starting Set console scheme...
[[0;32m  OK  [0m] Started Terminate Plymouth Boot Screen.
[[0;32m  OK  [0m] Started LXD - container startup/shutdown.
[[0;32m  OK  [0m] Started Set console scheme.
[[0;32m  OK  [0m] Created slice system-getty.slice.
[[0;32m  OK  [0m] Started Getty on tty1.
[[0;32m  OK  [0m] Reached target Login Prompts.
         Starting Authorization Manager...
[[0;32m  OK  [0m] Started LSB: automatic crash report generation.
[[0;32m  OK  [0m] Started LSB: Record successful boot for GRUB.
[[0;32m  OK  [0m] Started Authorization Manager.
[[0;32m  OK  [0m] Started Accounts Service.
[[0;32m  OK  [0m] Started Virtualbox guest utils.
[[0;32m  OK  [0m] Started Dispatcher daemon for systemd-networkd.
[[0;32m  OK  [0m] Started Snap Daemon.
         Starting Wait until snapd is fully seeded...
[[0;32m  OK  [0m] Started Pollinate to seed the pseudo random number generator.
         Starting OpenBSD Secure Shell server...
[[0;32m  OK  [0m] Started OpenBSD Secure Shell server.
[[0;32m  OK  [0m] Created slice User Slice of vagrant.
         Starting User Manager for UID 1000...
[[0;32m  OK  [0m] Started Session 1 of user vagrant.
[[0;32m  OK  [0m] Started User Manager for UID 1000.
[[0;32m  OK  [0m] Started Wait until snapd is fully seeded.
         Starting Apply the settings specified in cloud-config...
[[0;32m  OK  [0m] Reached target Multi-User System.
[[0;32m  OK  [0m] Reached target Graphical Interface.
         Starting Update UTMP about System Runlevel Changes...
[[0;32m  OK  [0m] Started Update UTMP about System Runlevel Changes.
[   20.557058] cloud-init[1183]: Cloud-init v. 20.2-45-g5f7825e2-0ubuntu1~18.04.1 running 'modules:config' at Thu, 10 Sep 2020 11:47:22 +0000. Up 19.27 seconds.
[[0;32m  OK  [0m] Started Apply the settings specified in cloud-config.
         Starting Execute cloud user/final scripts...
ci-info: no authorized SSH keys fingerprints found for user ubuntu.
<14>Sep 10 11:47:25 ec2: 
<14>Sep 10 11:47:25 ec2: #############################################################
<14>Sep 10 11:47:25 ec2: -----BEGIN SSH HOST KEY FINGERPRINTS-----
<14>Sep 10 11:47:25 ec2: 1024 SHA256:N8tR39xodRBsMcGOL8mk9O0VuCP6ZzdUMtC0MlxOmMI root@ubuntu-bionic (DSA)
<14>Sep 10 11:47:25 ec2: 256 SHA256:jwKyUsM8Yo82aULGJejK9ijo1W9z9VVbNbto1gp7Yy0 root@ubuntu-bionic (ECDSA)
<14>Sep 10 11:47:25 ec2: 256 SHA256:LX4IGJtRgtwgq1Nk3+wWo7U8dFqH/yzvcjZeY23sx8M root@ubuntu-bionic (ED25519)
<14>Sep 10 11:47:25 ec2: 2048 SHA256:167cju2fybD1IPsTFlUnHD8NlDg+I2KbMRID6LWetHA root@ubuntu-bionic (RSA)
<14>Sep 10 11:47:25 ec2: -----END SSH HOST KEY FINGERPRINTS-----
<14>Sep 10 11:47:25 ec2: #############################################################
-----BEGIN SSH HOST KEY KEYS-----
ecdsa-sha2-nistp256 AAAAE2VjZHNhLXNoYTItbmlzdHAyNTYAAAAIbmlzdHAyNTYAAABBBEOVKeYZtuXMQovkfW4a9teBgdU1/bwaRDfCxYAsmUeffqH3AOuvQ+Z+U7jHOFyYmYD+GvFZ6mzWwxjdHHo1pV0= root@ubuntu-bionic
ssh-ed25519 AAAAC3NzaC1lZDI1NTE5AAAAID9AZPFE4PoM2zrEpbJllOP4aUV7dsBkuAAGs3HD0Vet root@ubuntu-bionic
ssh-rsa AAAAB3NzaC1yc2EAAAADAQABAAABAQCXjj98bHfOXSGTrJPZxLcs6AQlnFOdLGyCUoamctGLqggbGOjlOdB7t+CN9PaFxT7guzlKAgLXfxUC5xoguRUJJTmnHfe1pNx6QoQCmj0b+5EEZfHvy7IH4OGHCJdLYGKBeFSbh7d4Ar/s/T4khhz7lx8HRdTuIGSdUPrieReB+CfW6Zia8vSV8GKyB9erpD0Rc+9IOiicG15ev/RgoneEdlP15XoRSNRXUElNU7xjWXzMQ43JLWCUgiNMmfLWQF00hXExwi4bVTqS5fl4EpLn0CtoZOAEWTXoHnaoL/+mmIy21dY+C9ITR4C21o/lIueGSGxLVi7nqK9hHsQFmtbj root@ubuntu-bionic
-----END SSH HOST KEY KEYS-----

Ubuntu 18.04.5 LTS ubuntu-bionic ttyS0

ubuntu-bionic login: [   21.974624] cloud-init[1311]: Cloud-init v. 20.2-45-g5f7825e2-0ubuntu1~18.04.1 running 'modules:final' at Thu, 10 Sep 2020 11:47:24 +0000. Up 21.62 seconds.
[   21.977048] cloud-init[1311]: ci-info: no authorized SSH keys fingerprints found for user ubuntu.
[   21.978729] cloud-init[1311]: Cloud-init v. 20.2-45-g5f7825e2-0ubuntu1~18.04.1 finished at Thu, 10 Sep 2020 11:47:25 +0000. Datasource DataSourceNoCloud [seed=/dev/sdb][dsmode=net].  Up 21.96 seconds
